[rewardsgg.com/apps/index.html]
[backblue.gif]
[fade.gif]
[index.html]
[rewardsgg.com/apps/favicon.html]
[maxcdn.bootstrapcdn.com/font-awesome/4.7.0/css/font-awesome.min.css]
[netdna.bootstrapcdn.com/bootstrap/3.0.0/css/bootstrap-glyphicons.css]
[rewardsgg.com/apps/build/panel/app.css]
[rewardsgg.com/apps/css/app.css]
[ajax.googleapis.com/ajax/libs/jquery/3.3.1/jquery.min.js]
[rewardsgg.com/apps/css/framework7.css]
[rewardsgg.com/apps/img/logoe358e358.png]
[i.imgur.com/0Ks3qm0.jpg]
[i.imgur.com/aencyzF.jpg]
[bestgame22.co/i.imgur.com/horror.png]
[i.imgur.com/hsx1Te2.png]
[icon-library.com/images/freddy-icon/freddy-icon-10.jpg]
[i.imgur.com/5M1ZsvA.png]
[i.imgur.com/TU4hXkK.png]
[rewardsgg.com/apps/index.html]
[rewardsgg.com/apps/favicon.html]
[maxcdn.bootstrapcdn.com/font-awesome/4.7.0/css/font-awesome.min.css]
[netdna.bootstrapcdn.com/bootstrap/3.0.0/css/bootstrap-glyphicons.css]
[rewardsgg.com/apps/build/panel/app.css]
[rewardsgg.com/apps/css/app.css]
[rewardsgg.com/apps/css/framework7.css]
